2025-07-22 21:10:22,749 INFO: Application startup [in E:\eims\eims-client_project\eims_client_backend\run.py:32]
2025-07-22 21:10:23,249 INFO: Application startup [in E:\eims\eims-client_project\eims_client_backend\run.py:32]
2025-07-22 21:13:17,858 INFO: Raw user data from database: {'userid': 38, 'firstname': 'Test', 'lastname': 'User', 'username': 'testuser', 'email': 'test@example.com', 'contactnumber': '0905372342541', 'address': 'Iligan', 'user_type': 'suppliers', 'user_img': None} [in E:\eims\eims-client_project\eims_client_backend\app\models.py:1647]
2025-07-22 21:13:17,865 INFO: Using default profile picture [in E:\eims\eims-client_project\eims_client_backend\app\models.py:1652]
2025-07-22 21:13:17,865 INFO: Final user data: {'userid': 38, 'firstname': 'Test', 'lastname': 'User', 'username': 'testuser', 'email': 'test@example.com', 'contactnumber': '0905372342541', 'address': 'Iligan', 'user_type': 'suppliers', 'user_img': '/static/uploads/profile_pics/default-profile.jpg'} [in E:\eims\eims-client_project\eims_client_backend\app\models.py:1654]
2025-07-22 23:04:15,415 INFO: Application startup [in E:\eims\eims-client_project\eims_client_backend\run.py:32]
2025-07-22 23:04:15,961 INFO: Application startup [in E:\eims\eims-client_project\eims_client_backend\run.py:32]
2025-07-22 23:04:39,335 INFO: Raw user data from database: {'userid': 38, 'firstname': 'Test', 'lastname': 'User', 'username': 'testuser', 'email': 'test@example.com', 'contactnumber': '0905372342541', 'address': 'Iligan', 'user_type': 'suppliers', 'user_img': None} [in E:\eims\eims-client_project\eims_client_backend\app\models.py:1647]
2025-07-22 23:04:39,336 INFO: Using default profile picture [in E:\eims\eims-client_project\eims_client_backend\app\models.py:1652]
2025-07-22 23:04:39,336 INFO: Final user data: {'userid': 38, 'firstname': 'Test', 'lastname': 'User', 'username': 'testuser', 'email': 'test@example.com', 'contactnumber': '0905372342541', 'address': 'Iligan', 'user_type': 'suppliers', 'user_img': '/static/uploads/profile_pics/default-profile.jpg'} [in E:\eims\eims-client_project\eims_client_backend\app\models.py:1654]
2025-07-22 23:13:25,716 INFO: Raw user data from database: {'userid': 39, 'firstname': 'Krispy', 'lastname': 'King', 'username': 'krispyking', 'email': 'krispyking@example.com', 'contactnumber': '090845423444', 'address': 'Iligan City', 'user_type': 'suppliers', 'user_img': None} [in E:\eims\eims-client_project\eims_client_backend\app\models.py:1647]
2025-07-22 23:13:25,716 INFO: Using default profile picture [in E:\eims\eims-client_project\eims_client_backend\app\models.py:1652]
2025-07-22 23:13:25,717 INFO: Final user data: {'userid': 39, 'firstname': 'Krispy', 'lastname': 'King', 'username': 'krispyking', 'email': 'krispyking@example.com', 'contactnumber': '090845423444', 'address': 'Iligan City', 'user_type': 'suppliers', 'user_img': '/static/uploads/profile_pics/default-profile.jpg'} [in E:\eims\eims-client_project\eims_client_backend\app\models.py:1654]
2025-07-22 23:54:03,001 INFO: Raw user data from database: {'userid': 42, 'firstname': 'John', 'lastname': 'Doey', 'username': 'johndoey', 'email': 'johndoey@example.com', 'contactnumber': '090587654452', 'address': 'Iligan City', 'user_type': 'suppliers', 'user_img': None} [in E:\eims\eims-client_project\eims_client_backend\app\models.py:1647]
2025-07-22 23:54:03,002 INFO: Using default profile picture [in E:\eims\eims-client_project\eims_client_backend\app\models.py:1652]
2025-07-22 23:54:03,002 INFO: Final user data: {'userid': 42, 'firstname': 'John', 'lastname': 'Doey', 'username': 'johndoey', 'email': 'johndoey@example.com', 'contactnumber': '090587654452', 'address': 'Iligan City', 'user_type': 'suppliers', 'user_img': '/static/uploads/profile_pics/default-profile.jpg'} [in E:\eims\eims-client_project\eims_client_backend\app\models.py:1654]
2025-07-22 23:54:15,008 INFO: Raw user data from database: {'userid': 42, 'firstname': 'John', 'lastname': 'Doey', 'username': 'johndoey', 'email': 'johndoey@example.com', 'contactnumber': '090587654452', 'address': 'Iligan City', 'user_type': 'suppliers', 'user_img': None} [in E:\eims\eims-client_project\eims_client_backend\app\models.py:1647]
2025-07-22 23:54:15,008 INFO: Using default profile picture [in E:\eims\eims-client_project\eims_client_backend\app\models.py:1652]
2025-07-22 23:54:15,009 INFO: Final user data: {'userid': 42, 'firstname': 'John', 'lastname': 'Doey', 'username': 'johndoey', 'email': 'johndoey@example.com', 'contactnumber': '090587654452', 'address': 'Iligan City', 'user_type': 'suppliers', 'user_img': '/static/uploads/profile_pics/default-profile.jpg'} [in E:\eims\eims-client_project\eims_client_backend\app\models.py:1654]
2025-07-22 23:55:21,767 INFO: Raw user data from database: {'userid': 42, 'firstname': 'John', 'lastname': 'Doey', 'username': 'johndoey', 'email': 'johndoey@example.com', 'contactnumber': '090587654452', 'address': 'Iligan City', 'user_type': 'suppliers', 'user_img': None} [in E:\eims\eims-client_project\eims_client_backend\app\models.py:1647]
2025-07-22 23:55:21,767 INFO: Using default profile picture [in E:\eims\eims-client_project\eims_client_backend\app\models.py:1652]
2025-07-22 23:55:21,768 INFO: Final user data: {'userid': 42, 'firstname': 'John', 'lastname': 'Doey', 'username': 'johndoey', 'email': 'johndoey@example.com', 'contactnumber': '090587654452', 'address': 'Iligan City', 'user_type': 'suppliers', 'user_img': '/static/uploads/profile_pics/default-profile.jpg'} [in E:\eims\eims-client_project\eims_client_backend\app\models.py:1654]
2025-07-22 23:55:33,039 INFO: Raw user data from database: {'userid': 42, 'firstname': 'John', 'lastname': 'Doey', 'username': 'johndoey', 'email': 'johndoey@example.com', 'contactnumber': '090587654452', 'address': 'Iligan City', 'user_type': 'suppliers', 'user_img': None} [in E:\eims\eims-client_project\eims_client_backend\app\models.py:1647]
2025-07-22 23:55:33,040 INFO: Using default profile picture [in E:\eims\eims-client_project\eims_client_backend\app\models.py:1652]
2025-07-22 23:55:33,040 INFO: Final user data: {'userid': 42, 'firstname': 'John', 'lastname': 'Doey', 'username': 'johndoey', 'email': 'johndoey@example.com', 'contactnumber': '090587654452', 'address': 'Iligan City', 'user_type': 'suppliers', 'user_img': '/static/uploads/profile_pics/default-profile.jpg'} [in E:\eims\eims-client_project\eims_client_backend\app\models.py:1654]
2025-07-23 00:06:15,581 INFO: Found venue price in inclusions: 3500 [in E:\eims\eims-client_project\eims_client_backend\app\routes.py:575]
2025-07-23 00:06:15,582 INFO: Final venue data being passed to create_wishlist_package: {'venue_id': 2, 'venue_name': 'Ocean View Terrace', 'location': 'Seaside Blvd.', 'venue_price': 3500, 'price': 3500, 'remarks': '', 'status': 'Pending', 'has_been_updated': False} [in E:\eims\eims-client_project\eims_client_backend\app\routes.py:592]
2025-07-23 00:06:15,582 INFO: Final data being sent to create_wishlist_package: [in E:\eims\eims-client_project\eims_client_backend\app\routes.py:607]
2025-07-23 00:06:15,583 INFO: - events_id: 157 [in E:\eims\eims-client_project\eims_client_backend\app\routes.py:608]
2025-07-23 00:06:15,584 INFO: - venue_id: 2 [in E:\eims\eims-client_project\eims_client_backend\app\routes.py:609]
2025-07-23 00:06:15,584 INFO: - gown_package_id: None [in E:\eims\eims-client_project\eims_client_backend\app\routes.py:610]
2025-07-23 00:06:15,585 INFO: - service inclusions count: 3 [in E:\eims\eims-client_project\eims_client_backend\app\routes.py:614]
2025-07-23 00:06:15,585 INFO:   - Service 1: 3 [in E:\eims\eims-client_project\eims_client_backend\app\routes.py:616]
2025-07-23 00:06:15,586 INFO:   - Service 2: 4 [in E:\eims\eims-client_project\eims_client_backend\app\routes.py:616]
2025-07-23 00:06:15,586 INFO:   - Service 3: 6 [in E:\eims\eims-client_project\eims_client_backend\app\routes.py:616]
2025-07-23 00:06:15,773 INFO: Venue inclusion found: {'type': 'venue', 'data': {'venue_id': 2, 'venue_name': 'Ocean View Terrace', 'location': 'Seaside Blvd.', 'venue_price': 3500, 'price': 3500, 'remarks': '', 'status': 'Pending', 'has_been_updated': False}} [in E:\eims\eims-client_project\eims_client_backend\app\models.py:1291]
2025-07-23 00:06:15,778 INFO: Extracted venue data: {'venue_id': 2, 'venue_name': 'Ocean View Terrace', 'location': 'Seaside Blvd.', 'venue_price': 3500, 'price': 3500, 'remarks': '', 'status': 'Pending', 'has_been_updated': False} [in E:\eims\eims-client_project\eims_client_backend\app\models.py:1295]
2025-07-23 00:06:15,782 INFO: Extracted venue_id: 2 [in E:\eims\eims-client_project\eims_client_backend\app\models.py:1296]
2025-07-23 00:06:15,803 INFO: Created wishlist package with ID: 64 [in E:\eims\eims-client_project\eims_client_backend\app\models.py:1327]
2025-07-23 00:06:15,813 INFO: Inserting venue data: id=2, price=3500.0, remarks= [in E:\eims\eims-client_project\eims_client_backend\app\models.py:1339]
2025-07-23 00:06:15,819 INFO: Inserted venue 2 with price 3500.0 into wishlist_venues [in E:\eims\eims-client_project\eims_client_backend\app\models.py:1355]
2025-07-23 00:06:15,831 INFO: Added service 3 with price 500 from inclusions [in E:\eims\eims-client_project\eims_client_backend\app\models.py:1398]
2025-07-23 00:06:15,832 INFO: Added service 4 with price 800 from inclusions [in E:\eims\eims-client_project\eims_client_backend\app\models.py:1398]
2025-07-23 00:06:15,833 INFO: Added service 6 with price 200 from inclusions [in E:\eims\eims-client_project\eims_client_backend\app\models.py:1398]
2025-07-23 00:06:26,771 INFO: Processing event J and C Wedding (ID: 157) [in E:\eims\eims-client_project\eims_client_backend\app\models.py:195]
2025-07-23 00:06:26,772 INFO: Gown package info - Name: None, Price: None [in E:\eims\eims-client_project\eims_client_backend\app\models.py:196]
2025-07-23 00:06:26,773 INFO: No outfit_details found for this event [in E:\eims\eims-client_project\eims_client_backend\app\models.py:227]
2025-07-23 00:06:26,919 INFO: Processing event J and C Wedding (ID: 157) [in E:\eims\eims-client_project\eims_client_backend\app\models.py:195]
